GDTEST_RUNTIME_ERROR
>> SCRIPT ERROR at runtime/errors/read_only_dictionary.gd:4 on test(): Invalid assignment on read-only value (on base: 'Dictionary').
